test1
change
gg
0.0
tt
